==================================================
🚀 بدء تحميل القرآن من api.quran.com
📁 مجلد الحفظ: /workspaces/mavic/sources/quran
==================================================

[1/3] اختبار الاتصال بـ API...
  → HTTP Status: 200
  ✅ تم الاتصال. عدد السور: 114

[2/3] تحميل الآيات...
  ⏭️  [1/114]   1. الفاتحة — موجود (7)
  ⏭️  [2/114]   2. البقرة — موجود (286)
  ⏭️  [3/114]   3. آل عمران — موجود (200)
  ⏭️  [4/114]   4. النساء — موجود (176)
  ⏭️  [5/114]   5. المائدة — موجود (120)
  ⏭️  [6/114]   6. الأنعام — موجود (165)
  ⏭️  [7/114]   7. الأعراف — موجود (206)
  ⏭️  [8/114]   8. الأنفال — موجود (75)
  ⏭️  [9/114]   9. التوبة — موجود (129)
  ⏭️  [10/114]  10. يونس — موجود (109)
  ⏭️  [11/114]  11. هود — موجود (123)
  ⏭️  [12/114]  12. يوسف — موجود (111)
  ⏭️  [13/114]  13. الرعد — موجود (43)
  ⏭️  [14/114]  14. ابراهيم — موجود (52)
  ⏭️  [15/114]  15. الحجر — موجود (99)
  ⏭️  [16/114]  16. النحل — موجود (128)
  ⏭️  [17/114]  17. الإسراء — موجود (111)
  ⏭️  [18/114]  18. الكهف — موجود (110)
  ⏭️  [19/114]  19. مريم — موجود (98)
  ⏭️  [20/114]  20. طه — موجود (135)
  ⏭️  [21/114]  21. الأنبياء — موجود (112)
  ⏭️  [22/114]  22. الحج — موجود (78)
  ⏭️  [23/114]  23. المؤمنون — موجود (118)
  ⏭️  [24/114]  24. النور — موجود (64)
  ⏭️  [25/114]  25. الفرقان — موجود (77)
  ⏭️  [26/114]  26. الشعراء — موجود (227)
  ⏭️  [27/114]  27. النمل — موجود (93)
  ⏭️  [28/114]  28. القصص — موجود (88)
  ⏭️  [29/114]  29. العنكبوت — موجود (69)
  ⏭️  [30/114]  30. الروم — موجود (60)
  ⏭️  [31/114]  31. لقمان — موجود (34)
  ⏭️  [32/114]  32. السجدة — موجود (30)
  ⏭️  [33/114]  33. الأحزاب — موجود (73)
  ⏭️  [34/114]  34. سبإ — موجود (54)
  ⏭️  [35/114]  35. فاطر — موجود (45)
  ⏭️  [36/114]  36. يس — موجود (83)
  ⏭️  [37/114]  37. الصافات — موجود (182)
  ⏭️  [38/114]  38. ص — موجود (88)
  ⏭️  [39/114]  39. الزمر — موجود (75)
  ⏭️  [40/114]  40. غافر — موجود (85)
  ⏭️  [41/114]  41. فصلت — موجود (54)
  ⏭️  [42/114]  42. الشورى — موجود (53)
  ⏭️  [43/114]  43. الزخرف — موجود (89)
  ⏭️  [44/114]  44. الدخان — موجود (59)
  ⏭️  [45/114]  45. الجاثية — موجود (37)
  ⏭️  [46/114]  46. الأحقاف — موجود (35)
  ⏭️  [47/114]  47. محمد — موجود (38)
  ⏭️  [48/114]  48. الفتح — موجود (29)
  ⏭️  [49/114]  49. الحجرات — موجود (18)
  ⏭️  [50/114]  50. ق — موجود (45)
  ⏭️  [51/114]  51. الذاريات — موجود (60)
  ⏭️  [52/114]  52. الطور — موجود (49)
  ⏭️  [53/114]  53. النجم — موجود (62)
  ⏭️  [54/114]  54. القمر — موجود (55)
  ⏭️  [55/114]  55. الرحمن — موجود (78)
  ⏭️  [56/114]  56. الواقعة — موجود (96)
  ⏭️  [57/114]  57. الحديد — موجود (29)
  ⏭️  [58/114]  58. المجادلة — موجود (22)
  ⏭️  [59/114]  59. الحشر — موجود (24)
  ⏭️  [60/114]  60. الممتحنة — موجود (13)
  ⏭️  [61/114]  61. الصف — موجود (14)
  ⏭️  [62/114]  62. الجمعة — موجود (11)
  ⏭️  [63/114]  63. المنافقون — موجود (11)
  ⏭️  [64/114]  64. التغابن — موجود (18)
  ⏭️  [65/114]  65. الطلاق — موجود (12)
  ⏭️  [66/114]  66. التحريم — موجود (12)
  ⏭️  [67/114]  67. الملك — موجود (30)
  ⏭️  [68/114]  68. القلم — موجود (52)
  ⏭️  [69/114]  69. الحاقة — موجود (52)
  ⏭️  [70/114]  70. المعارج — موجود (44)
  ⏭️  [71/114]  71. نوح — موجود (28)
  ⏭️  [72/114]  72. الجن — موجود (28)
  ⏭️  [73/114]  73. المزمل — موجود (20)
  ⏭️  [74/114]  74. المدثر — موجود (56)
  ⏭️  [75/114]  75. القيامة — موجود (40)
  ⏭️  [76/114]  76. الانسان — موجود (31)
  ⏭️  [77/114]  77. المرسلات — موجود (50)
  ⏭️  [78/114]  78. النبإ — موجود (40)
  ⏭️  [79/114]  79. النازعات — موجود (46)
  ⏭️  [80/114]  80. عبس — موجود (42)
  ⏭️  [81/114]  81. التكوير — موجود (29)
  ⏭️  [82/114]  82. الإنفطار — موجود (19)
  ⏭️  [83/114]  83. المطففين — موجود (36)
  ⏭️  [84/114]  84. الإنشقاق — موجود (25)
  ⏭️  [85/114]  85. البروج — موجود (22)
  ⏭️  [86/114]  86. الطارق — موجود (17)
  ⏭️  [87/114]  87. الأعلى — موجود (19)
  ⏭️  [88/114]  88. الغاشية — موجود (26)
  ⏭️  [89/114]  89. الفجر — موجود (30)
  ⏭️  [90/114]  90. البلد — موجود (20)
  ⏭️  [91/114]  91. الشمس — موجود (15)
  ⏭️  [92/114]  92. الليل — موجود (21)
  ⏭️  [93/114]  93. الضحى — موجود (11)
  ⏭️  [94/114]  94. الشرح — موجود (8)
  ⏭️  [95/114]  95. التين — موجود (8)
  ⏭️  [96/114]  96. العلق — موجود (19)
  ⏭️  [97/114]  97. القدر — موجود (5)
  ⏭️  [98/114]  98. البينة — موجود (8)
  ⏭️  [99/114]  99. الزلزلة — موجود (8)
  ⏭️  [100/114] 100. العاديات — موجود (11)
  ⏭️  [101/114] 101. القارعة — موجود (11)
  ⏭️  [102/114] 102. التكاثر — موجود (8)
  ⏭️  [103/114] 103. العصر — موجود (3)
  ⏭️  [104/114] 104. الهمزة — موجود (9)
  ⏭️  [105/114] 105. الفيل — موجود (5)
  ⏭️  [106/114] 106. قريش — موجود (4)
  ⏭️  [107/114] 107. الماعون — موجود (7)
  ⏭️  [108/114] 108. الكوثر — موجود (3)
  ⏭️  [109/114] 109. الكافرون — موجود (6)
  ⏭️  [110/114] 110. النصر — موجود (3)
  ⏭️  [111/114] 111. المسد — موجود (5)
  ⏭️  [112/114] 112. الإخلاص — موجود (4)
  ⏭️  [113/114] 113. الفلق — موجود (5)
  ⏭️  [114/114] 114. الناس — موجود (6)

[3/3] النتيجة النهائية
==================================================
✅ مجموع الآيات: 6236
📁 عدد الملفات: 114
🎉 اكتمل بدون أخطاء!
==================================================
